// Vitest Snapshot v1

exports[`<ToggleTheme /> > should render input and toggle between theme when toggling input 1`] = `
.c0 {
  position: fixed;
  top: 2rem;
  right: 2rem;
  z-index: 2;
}

.c1 {
  position: relative;
  display: inline-block;
  width: 5rem;
  height: 2.5rem;
  line-height: 0;
  font-size: 0;
  overflow: hidden;
  color: rgba(0,0,0,0);
}

.c5:checked + .c3 {
  background-color: #7858A6;
}

.c5:focus + .c3 {
  border: 1px solid #082032;
}

.c5:checked + .c3:before {
  -webkit-transform: translate(2rem);
  -ms-transform: translate(2rem);
  transform: translate(2rem);
  background-color: #082032;
}

.c2 {
  -webkit-appearance: none;
  -moz-appearance: none;
  appearance: none;
  opacity: 0;
  width: 0;
  height: 0;
}

.c2:checked + .c3 {
  background-color: #7858A6;
}

.c2:focus + .c3 {
  border: 1px solid #FFFFFF;
}

.c2:checked + .c3:before {
  -webkit-transform: translate(2rem);
  -ms-transform: translate(2rem);
  transform: translate(2rem);
  background-color: #FFFFFF;
}

.c4 {
  position: absolute;
  cursor: pointer;
  top: 0;
  left: 0;
  right: 0;
  bottom: 0;
  background: #F9F9F9;
  -webkit-transition: all 300ms ease-in-out;
  transition: all 300ms ease-in-out;
  border-radius: 2rem;
  border: 1px solid #7858A6;
}

.c4:before {
  content: '';
  position: absolute;
  height: 2.1rem;
  width: 2.1rem;
  left: 0.4rem;
  bottom: 0.1rem;
  background-color: #FFFFFF;
  border-radius: 50%;
  -webkit-transition: all 300ms ease-in-out;
  transition: all 300ms ease-in-out;
}

<div>
  <div
    class="c0"
  >
    <label
      class="c1"
    >
      Toggle light and dark modes
      <input
        class="c2"
        type="checkbox"
        value="Dark mode active"
      />
      <span
        class="c3 c4"
      />
    </label>
  </div>
</div>
`;
