// Vitest Snapshot v1

exports[`<HtmlContent /> > it should match snapshot 1`] = `
.c0 {
  font-size: 1.8rem;
  line-height: 1.5;
}

.c0 p {
  margin: 2.4rem 0;
}

.c0 a {
  color: #E94560;
}

.c0 a:visited,
.c0 a:link {
  -webkit-text-decoration: none;
  text-decoration: none;
  -webkit-transition: all 300ms ease-in-out;
  transition: all 300ms ease-in-out;
}

.c0 a:hover {
  -webkit-filter: brightness(50%);
  filter: brightness(50%);
}

.c0 pre {
  background-color: #2C394B;
  padding: 2.4rem;
  font-family: monospace;
  color: #B2C8DF;
  margin: 4.0rem 0;
  width: 100%;
  font-size: 1.6rem;
  overflow-x: auto;
}

.c0 pre code {
  background: inherit;
  color: inherit;
}

.c0 code {
  font-family: monospace;
  color: #B2C8DF;
  font-size: 1.6rem;
  background: #2C394B;
  padding: 0.2rem;
  margin: 0.2rem;
  border-radius: 5px;
}

.c0 img {
  max-width: 100%;
}

.c0 .image {
  background: #DDDDDD;
  line-height: 0;
  margin: 2.4rem 0;
}

.c0 .image figcaption {
  font-size: 1.6rem;
  padding: 1.6rem;
  text-align: center;
  line-height: 1.3;
}

.c0 .image-style-side {
  float: right;
  max-width: 50%;
  margin: 2.4rem;
}

.c0 hr {
  border: none;
  border-bottom: 0.1rem solid #DDDDDD;
}

.c0 ul,
.c0 ol {
  margin: 2.4rem;
}

.c0 .table {
  width: 100%;
  overflow: hidden;
  overflow-x: auto;
}

.c0 table {
  width: 100%;
  border-collapse: collapse;
  margin: 2.4rem 0;
}

.c0 table td,
.c0 table th {
  padding: 1.6rem;
  border: 0.1rem solid #DDDDDD;
}

.c0 blockquote {
  border-left: 0.5rem solid #E94560;
  color: #AAAAAA;
  -webkit-filter: brightness(80%);
  filter: brightness(80%);
  padding-left: 2.4rem;
  font-style: italic;
  margin: 2.4rem;
}

@media (max-width:768px) {
  .c0 {
    font-size: 2rem;
  }

  .c0 .image-style-side {
    float: none;
    max-width: 100%;
    margin: 0;
  }
}

<p
  class="c0"
>
  <b>
    Children
  </b>
</p>
`;
