// Vitest Snapshot v1

exports[`<LogoLink /> > should match snapshot 1`] = `
.c0 {
  color: #082032;
  font-size: 2.4rem;
  text-transform: uppercase;
}

.c1 {
  display: -webkit-box;
  display: -webkit-flex;
  display: -ms-flexbox;
  display: flex;
  -webkit-align-items: center;
  -webkit-box-align: center;
  -ms-flex-align: center;
  align-items: center;
  -webkit-text-decoration: none;
  text-decoration: none;
  color: inherit;
}

.c1 > img {
  width: 150px;
  height: 150px;
  border-radius: 50%;
}

<h1
  class="c0"
>
  <a
    class="c1"
    href="#target"
    target="_self"
  >
    <img
      alt="OlÃ¡ mundo"
      src="image.jpg"
    />
  </a>
</h1>
`;
