// Vitest Snapshot v1

exports[`<PostCard /> > should match snapshot 1`] = `
.c3 {
  color: #082032;
  line-height: 1.2;
  font-size: 2.4rem;
  text-transform: none;
}

.c0 .c2 {
  margin: 0;
  margin-top: 1rem;
  margin-bottom: 1.6rem;
}

.c0 a {
  -webkit-text-decoration: none;
  text-decoration: none;
  color: inherit;
  -webkit-transition: all 300ms ease-in-out;
  transition: all 300ms ease-in-out;
}

.c0:hover a {
  color: #DC143C;
}

.c0:hover img {
  opacity: 0.8;
}

.c1 {
  max-width: 100%;
  -webkit-transition: opacity 300ms ease-in-out;
  transition: opacity 300ms ease-in-out;
}

<div>
  <div
    class="c0"
  >
    <a
      href="/post/blog-sobre-nextjs"
    >
      <img
        alt="Blog sobre Nextjs"
        class="c1"
        src="https://res.cloudinary.com/ddiiakz1t/image/upload/v1662140975/next_capa_ba07b5ec5d.png"
      />
    </a>
    <h2
      class="c2 c3"
    >
      <a
        href="/post/blog-sobre-nextjs"
      >
        Blog sobre Nextjs
      </a>
    </h2>
    <p
      class=""
    >
      Esse Ã© um blog que fala um pouco sobre Next e como ele funciona.
    </p>
  </div>
</div>
`;
