// Vitest Snapshot v1

exports[`<Footer /> > should render 1`] = `
.c0 {
  text-align: center;
  border-top: 0.1rem solid #DDDDDD;
}

.c0 a {
  color: inherit;
  -webkit-text-decoration: none;
  text-decoration: none;
}

.c0 .heart {
  color: #dc143c;
}

.c1 {
  font-size: 2.4rem;
}

<div>
  <footer
    class="c0"
  >
    <p
      class="c1"
    >
      <h1>
        Test
      </h1>
    </p>
  </footer>
</div>
`;
