// Vitest Snapshot v1

exports[`<Menu /> > should match snapshot 1`] = `
.c6 {
  color: #082032;
  line-height: 1.2;
  font-size: 2.4rem;
  text-transform: uppercase;
}

.c2 {
  background: #082032;
  padding: 3.2rem;
  display: -webkit-box;
  display: -webkit-flex;
  display: -ms-flexbox;
  display: flex;
  position: fixed;
  z-index: 1;
  width: 100%;
  max-width: 32rem;
  height: 100vh;
  top: 0;
  left: 0rem;
  -webkit-transition: all 400ms ease-in-out;
  transition: all 400ms ease-in-out;
  overflow-y: auto;
  box-shadow: 5px 0 10px -2px #000000;
  left: -36rem;
  overflow-y: hidden;
}

.c2::-webkit-scrollbar {
  width: 10px;
}

.c2::-webkit-scrollbar-track {
  background: #082032;
}

.c2::-webkit-scrollbar-thumb {
  background: #E94560;
  border-radius: 10px;
}

.c2::-webkit-scrollbar-thumb:hover {
  background: #720d1e;
}

.c3 {
  margin: auto;
  width: 100%;
}

.c4 .c5 {
  display: -webkit-box;
  display: -webkit-flex;
  display: -ms-flexbox;
  display: flex;
  -webkit-box-pack: center;
  -webkit-justify-content: center;
  -ms-flex-pack: center;
  justify-content: center;
  margin: 0;
  margin-bottom: 4.8rem;
}

.c4 img {
  border: 0.5rem solid #E94560;
}

.c0 {
  position: fixed;
  top: 2.4rem;
  color: #FFFFFF;
  background: #082032;
  z-index: 2;
  width: 3rem;
  height: 3rem;
  left: 26rem;
  border-radius: 4px;
  -webkit-transition: all 400ms ease-in-out;
  transition: all 400ms ease-in-out;
  left: 1rem;
  color: #FFFFFF;
}

.c1 {
  display: inline-block;
  vertical-align: middle;
  overflow: hidden;
}

.c7 {
  display: -webkit-box;
  display: -webkit-flex;
  display: -ms-flexbox;
  display: flex;
  -webkit-align-items: center;
  -webkit-box-align: center;
  -ms-flex-align: center;
  align-items: center;
  -webkit-text-decoration: none;
  text-decoration: none;
  color: inherit;
}

.c7 > img {
  width: 150px;
  height: 150px;
  border-radius: 50%;
}

.c8 {
  display: block;
  color: #FFFFFF;
  -webkit-text-decoration: none;
  text-decoration: none;
  margin-bottom: 1.6rem;
  font-size: 1.8rem;
  -webkit-transition: all ease-in-out 100ms;
  transition: all ease-in-out 100ms;
}

.c8:hover {
  border-right: 0.5rem solid #E94560;
  color: #E94560;
}

@media ((max-width:300px)) {
  .c0 {
    left: 1rem;
  }
}

<div>
  <a
    aria-label="Open or Close menu"
    class="c0"
    href="#"
    title="Open or Close menu"
  >
    <svg
      aria-hidden="true"
      aria-label="Open menu"
      class="c1"
      fill="currentColor"
      focusable="false"
      viewBox="0 0 24 24"
      xmlns="http://www.w3.org/2000/svg"
    >
      <path
        d="M0 0h24v24H0V0z"
        fill="none"
      />
      <path
        d="M3 18h18v-2H3v2zm0-5h18v-2H3v2zm0-7v2h18V6H3z"
      />
    </svg>
  </a>
  <div
    aria-hidden="true"
    class="c2"
  >
    <nav
      class="c3"
    >
      <div
        class="c4"
      >
        <h1
          class="c5 c6"
        >
          <a
            class="c7"
            href="/"
            target="_self"
          >
            <img
              alt="Matheus Freitas"
              src="/assets/images/cat-test.png"
            />
          </a>
        </h1>
      </div>
      <a
        class="c8"
        href="/home/1"
        target="_self"
      >
        My jobs
      </a>
      <a
        class="c8"
        href="/home/2"
        target="_self"
      >
        About me
      </a>
      <a
        class="c8"
        href="/home/3"
        target="_self"
      >
        Services
      </a>
      <a
        class="c8"
        href="http://localhost/home/4"
        target="_self"
      >
        External Link
      </a>
      <a
        class="c8"
        href="/home/5"
        target="_self"
      >
        JavaScript
      </a>
      <a
        class="c8"
        href="/home/6"
        target="_self"
      >
        C#
      </a>
      <a
        class="c8"
        href="/home/7"
        target="_self"
      >
        Consectetur
      </a>
      <a
        class="c8"
        href="/home/8"
        target="_self"
      >
        Text test
      </a>
      <a
        class="c8"
        href="/home/9"
        target="_self"
      >
        Pac-man
      </a>
      <a
        class="c8"
        href="/home/10"
        target="_self"
      >
        Bungou Stray Dogs
      </a>
      <a
        class="c8"
        href="/home/11"
        target="_self"
      >
        A menu
      </a>
    </nav>
  </div>
</div>
`;
