// Vitest Snapshot v1

exports[`<Header /> > should match snapshot 1`] = `
.c2 {
  color: #082032;
  line-height: 1.2;
  font-size: 2.4rem;
  text-transform: uppercase;
}

.c5 {
  color: #082032;
  line-height: 1.2;
  font-size: 2.4rem;
  text-transform: none;
}

.c3 {
  display: -webkit-box;
  display: -webkit-flex;
  display: -ms-flexbox;
  display: flex;
  -webkit-align-items: center;
  -webkit-box-align: center;
  -ms-flex-align: center;
  align-items: center;
  -webkit-text-decoration: none;
  text-decoration: none;
  color: inherit;
}

.c3 > img {
  width: 150px;
  height: 150px;
  border-radius: 50%;
}

.c0 {
  margin: 0 auto;
  display: -webkit-box;
  display: -webkit-flex;
  display: -ms-flexbox;
  display: flex;
  -webkit-box-pack: center;
  -webkit-justify-content: center;
  -ms-flex-pack: center;
  justify-content: center;
  -webkit-align-items: center;
  -webkit-box-align: center;
  -ms-flex-align: center;
  align-items: center;
  width: 100%;
  max-width: 96rem;
  padding-bottom: 6.4rem;
  font-size: 1.6rem;
  color: #333333;
}

.c0 .c1 {
  margin: 0 0 0.6rem;
}

.c0 img:hover {
  -webkit-transition: all ease-in-out 300ms;
  transition: all ease-in-out 300ms;
  -webkit-filter: brightness(70%);
  filter: brightness(70%);
}

.c4 {
  display: -webkit-box;
  display: -webkit-flex;
  display: -ms-flexbox;
  display: flex;
  -webkit-flex-flow: column wrap;
  -ms-flex-flow: column wrap;
  flex-flow: column wrap;
  margin-left: 3.2rem;
  max-width: 48rem;
}

<div>
  <header
    class="c0"
  >
    <h1
      class="c1 c2"
    >
      <a
        class="c3"
        href="/"
        target="_self"
      >
        <img
          alt="Titulo blog - Ea aliqua labore anim minim voluptate est in cillum qui consequat cupidatat adipisicing ex in. Amet velit consequat mollit deserunt consectetur dolor exercitation commodo consequat voluptate eu non commodo ipsum."
          src="assets/images/cat-test.png"
        />
      </a>
    </h1>
    <div
      class="c4"
    >
      <h2
        class="c1 c5"
      >
        Titulo blog
      </h2>
      <p>
        Ea aliqua labore anim minim voluptate est in cillum qui consequat cupidatat adipisicing ex in. Amet velit consequat mollit deserunt consectetur dolor exercitation commodo consequat voluptate eu non commodo ipsum.
      </p>
    </div>
  </header>
</div>
`;
