// Vitest Snapshot v1

exports[`<TextComponent /> > it should match snapshot 1`] = `
.c0 {
  font-size: 2.4rem;
}

<p
  class="c0"
>
  Children
</p>
`;
