// Vitest Snapshot v1

exports[`<PostGrid /> > should match snapshot 1`] = `
.c5 {
  color: #082032;
  line-height: 1.2;
  font-size: 2.4rem;
  text-transform: none;
}

.c2 .c4 {
  margin: 0;
  margin-top: 1rem;
  margin-bottom: 1.6rem;
}

.c2 a {
  -webkit-text-decoration: none;
  text-decoration: none;
  color: inherit;
  -webkit-transition: all 300ms ease-in-out;
  transition: all 300ms ease-in-out;
}

.c2:hover a {
  color: #E94560;
}

.c2:hover img {
  opacity: 0.8;
}

.c3 {
  max-width: 100%;
  -webkit-transition: opacity 300ms ease-in-out;
  transition: opacity 300ms ease-in-out;
}

.c0 {
  width: '100%';
}

.c1 {
  max-width: 120rem;
  margin: 0 auto;
  display: grid;
  grid-template-columns: repeat(auto-fill,minmax(28rem,1fr));
  gap: 3.2rem;
  padding: 3.2rem;
}

@media (max-width:360px) {
  .c1 {
    grid-template-columns: 1fr;
  }
}

<div>
  <div
    class="c0"
  >
    <div
      class="c1"
    >
      <div
        class="c2"
      >
        <a
          href="/post/blog-sobre-nextjs"
        >
          <img
            alt="Blog sobre Nextjs"
            class="c3"
            src="https://res.cloudinary.com/ddiiakz1t/image/upload/v1662140975/next_capa_ba07b5ec5d.png"
          />
        </a>
        <h2
          class="c4 c5"
        >
          <a
            href="/post/blog-sobre-nextjs"
          >
            Blog sobre Nextjs
          </a>
        </h2>
        <p
          class=""
        >
          Esse Ã© um blog que fala um pouco sobre Next e como ele funciona.
        </p>
      </div>
      <div
        class="c2"
      >
        <a
          href="/post/blog-test-2"
        >
          <img
            alt="Blog test 2"
            class="c3"
            src="https://res.cloudinary.com/ddiiakz1t/image/upload/v1662370320/Programacao_Java_Script_87030c9a89.jpg"
          />
        </a>
        <h2
          class="c4 c5"
        >
          <a
            href="/post/blog-test-2"
          >
            Blog test 2
          </a>
        </h2>
        <p
          class=""
        >
          Nostra aliquet vulputate turpis. Aptent tortor tempus accumsan. Sociosqu lacus non nam condimentum nulla tincidunt sapien vehicula pulvinar nunc est. Montes bibendum ultricies semper sociis lacus nam platea eget primis erat.
        </p>
      </div>
      <div
        class="c2"
      >
        <a
          href="/post/blog-teste"
        >
          <img
            alt="Blog teste"
            class="c3"
            src="https://res.cloudinary.com/ddiiakz1t/image/upload/v1662370168/anime_girl_headphones_working_4k_5l_5327313817.jpg"
          />
        </a>
        <h2
          class="c4 c5"
        >
          <a
            href="/post/blog-teste"
          >
            Blog teste
          </a>
        </h2>
        <p
          class=""
        >
          Fermentum congue himenaeos augue integer. Nascetur sociosqu convallis metus amet vulputate arcu. Potenti volutpat fringilla sit id sit, tempus pellentesque primis ullamcorper iaculis interdum.
        </p>
      </div>
    </div>
  </div>
</div>
`;
