// Vitest Snapshot v1

exports[`<ArticleHeader /> > should render heading, except, cover img and meta 1`] = `
.c2 {
  color: #082032;
  font-size: 4.0rem;
  text-transform: none;
}

.c5 {
  font-size: 1.6rem;
  color: #AAAAAA;
  font-style: italic;
}

.c5 .categories span::after {
  content: ', ';
}

.c5 .categories span:last-child::after {
  content: '';
}

.c5 a {
  color: #E94560;
  -webkit-text-decoration: none;
  text-decoration: none;
  -webkit-transition: all 300ms ease-in-out;
  transition: all 300ms ease-in-out;
}

.c5 a:hover {
  -webkit-filter: brightness(50%);
  filter: brightness(50%);
}

.c0 {
  padding-bottom: 4.0rem;
  margin-bottom: 4.0rem;
  border-bottom: 0.1rem solid #DDDDDD;
}

.c0 .c1 {
  margin: 0;
  margin-bottom: 2.4rem;
}

.c3 {
  margin: 2.4rem 0;
}

.c4 {
  max-width: 100%;
  display: block;
  margin-bottom: 2.4rem;
}

<div>
  <header
    class="c0"
  >
    <h1
      class="c1 c2"
    >
      Sint deserunt officia sit ipsum. Minim commodo sit ea labore sit sit ex ad tempor esse labore.
    </h1>
    <p
      class="c3"
    >
      Proident sunt est enim fugiat sit incididunt sunt veniam adipisicing amet aliquip.
    </p>
    <img
      alt="Sint deserunt officia sit ipsum. Minim commodo sit ea labore sit sit ex ad tempor esse labore."
      class="c4"
      src="https://res.cloudinary.com/dlizakp2a/image/upload/v1614696630/Frozen_sunset_on_the_lake_by_Manuel_Arslanyan_9f9cd8ea10.jpg"
    />
    <article
      class="c5"
    >
      <p>
        <span>
          Por 
        </span>
        <a
          href="/author/matheus-freitas"
        >
          Matheus Freitas
        </a>
        <span
          class="separator"
        >
           | 
        </span>
        <time
          datetime="2022-09-02T15:16:09.246+00:00"
        >
          2 de set. de 2022
        </time>
        <span
          class="separator"
        >
           | 
        </span>
        <span
          class="categories"
        >
          <span>
            <a
              href="/category/react"
            >
              React
            </a>
          </span>
          <span>
            <a
              href="/category/javascript"
            >
              JavaScript
            </a>
          </span>
        </span>
      </p>
    </article>
  </header>
</div>
`;
